---
source: crates/monospace-cli/src/main.rs
assertion_line: 1762
expression: eight
---
┌──┐              ┌──┐    ┌──┐    +--+            
│░┌┴─┐ ┌──┐       │ ┌┼─┐  │ ++-+  | ┌┼─┐          
└─┤░░│ │░░├─┐     └─┼┘ │  └─+┘ |  +-┼+ │          
  └─┬┘ └─┬┘░├────┐  └──┘    +--+    └──┘          
    │    └──┘    │    ▲                           
┌───┼───         └────┘                           
│   │                                             
│                                                 
                                                  
┌──┐    ╔══╗    ┌──┐    ┏━━┓    ┌──┐    ┏━━┓      
│ ╔╪═╗  ║ ┌╫─┐  │ ┏┿━┓  ┃ ┌╂─┐  │ ╭┼─╮  ┃ ╔╬═╗    
└─╫┘ ║  ╚═╪╝ │  └─╂┘ ┃  ┗━┿┛ │  └─┼┘ │  ┗━╬┛ ║    
  ╚══╝    └──┘    ┗━━┛    └──┘    ╰──╯    ╚══╝    


┌──┐              ┌──┐    ┌──┐    +--+            
│░░├─┐ ┌──┐       │ ┌┼─┐  │ ++-+  | ┌┼─┐          
└─┬┘░│ │░░├─┐     └─┼┘ │  └─+┘ |  +-┼+ │          
  └─┬┘ └─┬┘░├────┐  └──┘    +--+    └──┘          
    │    └──┘    │    ▲                           
┌───┼───         └────┘                           
│   │                                             
│                                                 
                                                  
┌──┐    ╔══╗    ┌──┐    ┏━━┓    ┌──┐    ┏━━┓      
│ ╔╪═╗  ║ ┌╫─┐  │ ┏┿━┓  ┃ ┌╂─┐  │ ╭┼─╮  ┃ ╔╬═╗    
└─╫┘ ║  ╚═╪╝ │  └─╂┘ ┃  ┗━┿┛ │  └─┼┘ │  ┗━╬┛ ║    
  ╚══╝    └──┘    ┗━━┛    └──┘    ╰──╯    ╚══╝    


                  ┌──┐    ┌──┐    +--+            
  ┌──┐ ┌──┐       │ ┌┼─┐  │ ++-+  | ┌┼─┐          
  │░░│ │░░├─┐     └─┼┘ │  └─+┘ |  +-┼+ │          
┌─┴┬┬┘ └─┬┘░├────┐  └──┘    +--+    └──┘          
│░░││    └──┘    │    ▲                           
├──┴┼───         └────┘                           
│   │                                             
│                                                 
                                                  
┌──┐    ╔══╗    ┌──┐    ┏━━┓    ┌──┐    ┏━━┓      
│ ╔╪═╗  ║ ┌╫─┐  │ ┏┿━┓  ┃ ┌╂─┐  │ ╭┼─╮  ┃ ╔╬═╗    
└─╫┘ ║  ╚═╪╝ │  └─╂┘ ┃  ┗━┿┛ │  └─┼┘ │  ┗━╬┛ ║    
  ╚══╝    └──┘    ┗━━┛    └──┘    ╰──╯    ╚══╝    


                  ┌──┐    ┌──┐    +--+            
  ┌──┐ ┌──┐       │ ┌┼─┐  │ ++-+  | ┌┼─┐          
  │░░│ │░░├─┐     └─┼┘ │  └─+┘ |  +-┼+ │          
  └─┬┘ └─┬┘░├────┐  └──┘    +--+    └──┘          
    │    └──┘    │    ▲                           
┌───┼───         └────┘                           
│   │                                             
│                                                 
                                                  
┌──┐    ╔══╗    ┌──┐    ┏━━┓    ┌──┐    ┏━━┓      
│ ╔╪═╗  ║ ┌╫─┐  │ ┏┿━┓  ┃ ┌╂─┐  │ ╭┼─╮  ┃ ╔╬═╗    
└─╫┘ ║  ╚═╪╝ │  └─╂┘ ┃  ┗━┿┛ │  └─┼┘ │  ┗━╬┛ ║    
  ╚══╝    └──┘    ┗━━┛    └──┘    ╰──╯    ╚══╝    


                  ┌──┐    ┌──┐    +--+            
  ┌──┐ ┌──┐       │ ┌┼─┐  │ ++-+  | ┌┼─┐          
  │░░│ │░░│  ┌──┐ └─┼┘ │  └─+┘ |  +-┼+ │          
  └─┬┘ └──┘  │░░├──┐└──┘    +--+    └──┘          
    │        └──┘  │  ▲                           
┌───┼───           └──┘                           
│   │                                             
│                                                 
                                                  
┌──┐    ╔══╗    ┌──┐    ┏━━┓    ┌──┐    ┏━━┓      
│ ╔╪═╗  ║ ┌╫─┐  │ ┏┿━┓  ┃ ┌╂─┐  │ ╭┼─╮  ┃ ╔╬═╗    
└─╫┘ ║  ╚═╪╝ │  └─╂┘ ┃  ┗━┿┛ │  └─┼┘ │  ┗━╬┛ ║    
  ╚══╝    └──┘    ┗━━┛    └──┘    ╰──╯    ╚══╝    


                  ┌──┐    ┌──┐    +--+            
  ┌──┐ ┌──┐       │ ┌┼─┐  │ ++-+  | ┌┼─┐          
  │░░│ │░░│  ┌──┐ └─┼┘ │  └─+┘ |  +-┼+ │          
  └─┬┘ └──┘  │░░│   └──┘    +--+    └──┘          
    │        └──┘                                 
┌───┼───        ───┐                              
│   │              │  ▲                           
│                  └──┘                           
                                                  
┌──┐    ╔══╗    ┌──┐    ┏━━┓    ┌──┐    ┏━━┓      
│ ╔╪═╗  ║ ┌╫─┐  │ ┏┿━┓  ┃ ┌╂─┐  │ ╭┼─╮  ┃ ╔╬═╗    
└─╫┘ ║  ╚═╪╝ │  └─╂┘ ┃  ┗━┿┛ │  └─┼┘ │  ┗━╬┛ ║    
  ╚══╝    └──┘    ┗━━┛    └──┘    ╰──╯    ╚══╝    


                  ┌──┐    ┌──┐    +--+            
  ┌──┐ ┌──┐       │ ┌┼─┐  │ ++-+  | ┌┼─┐          
  │░░│ │░░│       └─┼┘ │  └─+┘ |  +-┼+ │          
  └─┬┘ └──┘         └──┘    +--+    └──┘          
    │                                             
┌───┼───        ───┐                              
│   │              │  ▲                           
│                  └──┘                           
                                                  
┌──┐    ╔══╗    ┌──┐    ┏━━┓    ┌──┐    ┏━━┓      
│ ╔╪═╗  ║ ┌╫─┐  │ ┏┿━┓  ┃ ┌╂─┐  │ ╭┼─╮  ┃ ╔╬═╗    
└─╫┘ ║  ╚═╪╝ │  └─╂┘ ┃  ┗━┿┛ │  └─┼┘ │  ┗━╬┛ ║    
  ╚══╝    └──┘    ┗━━┛    └──┘    ╰──╯    ╚══╝    


                          ┌──┐    +--+            
  ┌──┐ ┌──┐         ┌──┐  │ ++-+  | ┌┼─┐          
  │░░│ │░░│         │  │  └─+┘ |  +-┼+ │          
  └─┬┘ └──┘         └──┘    +--+    └──┘          
    │                                             
┌───┼───        ───┐                              
│   │              │  ▲                           
│                  └──┘                           
                                                  
┌──┐    ╔══╗    ┌──┐    ┏━━┓    ┌──┐    ┏━━┓      
│ ╔╪═╗  ║ ┌╫─┐  │ ┏┿━┓  ┃ ┌╂─┐  │ ╭┼─╮  ┃ ╔╬═╗    
└─╫┘ ║  ╚═╪╝ │  └─╂┘ ┃  ┗━┿┛ │  └─┼┘ │  ┗━╬┛ ║    
  ╚══╝    └──┘    ┗━━┛    └──┘    ╰──╯    ╚══╝
